import test.UnitTest;

class X{
   new(a:String,b:String){
      out.println('new X');
   }
   dump(){
      out.println('X.dump()');
   }
}

class Y extends X{
   new(a:String){
      out.println('new Y');
   }
   dump(){
      out.println('Y.dump()');
   }
}
   
class ClassHierarchyTest with UnitTest {
   
   testClassHierarchyFailure(){
      var failure = false;
      
      try {
         var y = new Y('create Y');
         y.dump();
      }catch(e){
         //e.printStackTrace();
         failure = true;
      }
      assertTrue(failure);
   }
}

var test = new ClassHierarchyTest();
test.execute();