class X{
   static const x = 11;
   dump(){
      println(x);
   }
}
class Y with X{
   override dump(){
      foo(1, 2, 3);
   }
   foo(a, b, c){
      var location= "foo";
      var resource = "resource:1";
      blah("X", "Y");
   }
   blah(a, b){
      println("${a}, ${b}");
   }
}
var y = new Y();
y.dump();